{"time":"2026-03-31T00:46:55.1169059+03:00","level":"INFO","msg":"database connection established"}
{"time":"2026-03-31T00:46:55.3237056+03:00","level":"INFO","msg":"bot: 6 PM digest cron registered"}
{"time":"2026-03-31T00:46:55.3244559+03:00","level":"INFO","msg":"billing: cron jobs registered"}
{"time":"2026-03-31T00:46:55.3250197+03:00","level":"INFO","msg":"server starting","port":"8080","env":"development"}
{"time":"2026-03-31T00:47:50.3957177+03:00","level":"INFO","msg":"bot: inbound message","from":"+254781423339","text":"LIST","id":""}
{"time":"2026-03-31T00:47:50.3957177+03:00","level":"INFO","msg":"request","method":"POST","path":"/bot/whatsapp","status":200,"duration_ms":1,"request_id":"isotope/9Ma3KCOvN2-000001"}
{"time":"2026-03-31T00:47:52.5117109+03:00","level":"INFO","msg":"twilio: message sent","to":"whatsapp:+254781423339","status":201,"msg":"*Sunrise Apartments - Kitengela — March 2026*\nPaid: 0/3 units · KES 0\n\n\n✗ Unit A1 — John Kamau\n✗ Unit A2 — Mary Wanjiku\n✗ Unit B1 — Peter Otieno\n\nReply *REMIND* to nudge unpaid tenants."}
{"time":"2026-03-31T00:47:56.6717742+03:00","level":"INFO","msg":"bot: inbound message","from":"+254781423339","text":"TOTAL","id":""}
{"time":"2026-03-31T00:47:56.6717742+03:00","level":"INFO","msg":"request","method":"POST","path":"/bot/whatsapp","status":200,"duration_ms":0,"request_id":"isotope/9Ma3KCOvN2-000002"}
{"time":"2026-03-31T00:47:58.2819356+03:00","level":"INFO","msg":"twilio: message sent","to":"whatsapp:+254781423339","status":201,"msg":"*Sunrise Apartments - Kitengela — March 2026*\nCollected: KES 0\nExpected:  KES 37,000\nBalance:   KES 37,000 outstanding"}
{"time":"2026-03-31T00:48:02.9877531+03:00","level":"INFO","msg":"bot: inbound message","from":"+254781423339","text":"RECEIPT A1","id":""}
{"time":"2026-03-31T00:48:02.9877531+03:00","level":"INFO","msg":"request","method":"POST","path":"/bot/whatsapp","status":200,"duration_ms":0,"request_id":"isotope/9Ma3KCOvN2-000003"}
{"time":"2026-03-31T00:48:04.5459138+03:00","level":"INFO","msg":"twilio: message sent","to":"whatsapp:+254781423339","status":201,"msg":"No payment found for Unit A1 this month."}
{"time":"2026-03-31T00:48:09.0575986+03:00","level":"INFO","msg":"bot: inbound message","from":"+254781423339","text":"HISTORY A1","id":""}
{"time":"2026-03-31T00:48:09.0575986+03:00","level":"INFO","msg":"request","method":"POST","path":"/bot/whatsapp","status":200,"duration_ms":0,"request_id":"isotope/9Ma3KCOvN2-000004"}
{"time":"2026-03-31T00:48:10.6094974+03:00","level":"INFO","msg":"twilio: message sent","to":"whatsapp:+254781423339","status":201,"msg":"No payment history found for Unit A1."}
{"time":"2026-03-31T00:48:15.1996277+03:00","level":"INFO","msg":"bot: inbound message","from":"+254781423339","text":"HISTORY-EXT A1","id":""}
{"time":"2026-03-31T00:48:15.1996277+03:00","level":"INFO","msg":"request","method":"POST","path":"/bot/whatsapp","status":200,"duration_ms":0,"request_id":"isotope/9Ma3KCOvN2-000005"}
{"time":"2026-03-31T00:48:16.7722799+03:00","level":"INFO","msg":"twilio: message sent","to":"whatsapp:+254781423339","status":201,"msg":"*12-Month History — Unit A1 (John Kamau)*\n_Sunrise Apartments - Kitengela_\n\n✗ Mar 2026\n  Paid: KES 0 / KES 15,000\n  No payment recorded yet."}
{"time":"2026-03-31T00:48:21.6197116+03:00","level":"INFO","msg":"bot: inbound message","from":"+254781423339","text":"DEPOSIT A1","id":""}
{"time":"2026-03-31T00:48:21.6197116+03:00","level":"INFO","msg":"request","method":"POST","path":"/bot/whatsapp","status":200,"duration_ms":0,"request_id":"isotope/9Ma3KCOvN2-000006"}
{"time":"2026-03-31T00:48:23.4831168+03:00","level":"INFO","msg":"twilio: message sent","to":"whatsapp:+254781423339","status":201,"msg":"*Deposit — Unit A1 (John Kamau)*\n\nNo deposit on record.\n\nTo record a deposit received:\n*DEPOSIT-RECEIVE A1 <amount>*"}
{"time":"2026-03-31T00:48:28.0939359+03:00","level":"INFO","msg":"bot: inbound message","from":"+254781423339","text":"HELP","id":""}
{"time":"2026-03-31T00:48:28.0945275+03:00","level":"INFO","msg":"request","method":"POST","path":"/bot/whatsapp","status":200,"duration_ms":0,"request_id":"isotope/9Ma3KCOvN2-000007"}
{"time":"2026-03-31T00:48:29.6511412+03:00","level":"INFO","msg":"twilio: message sent","to":"whatsapp:+254781423339","status":201,"msg":"*RentLoop Commands*\n\n*LIST* — paid vs unpaid this month\n*REMIND* — SMS all unpaid tenants\n*TOTAL* — collected vs expected\n*RECEIPT <unit>* — resend receipt for a unit\n*HISTORY <unit>* — last 3 months for a unit\n*HISTORY-EXT <unit>* — full 12-month history with arrears\n*LANDLORD-HISTORY* — 12-month portfolio performance\n*DEPOSIT <unit>* — deposit balance for a unit\n*DEPOSIT-RECEIVE <unit> 15000* — record deposit received\n*DEPOSIT-REFUND <unit> 12000* — record deposit refund\n*ADD UNIT <unit> John 0712345678 12500* — add unit\n*REPLACE <unit> Grace Auma 0745678901 12500* — swap tenant\n*SET RENT <unit> 14000* — update rent amount\n*MARK <unit> PAID 12500 BANK* — log cash/bank payment\n*CLAIM TXN-ABC123 TO <unit>* — assign unmatched payment\n*BULK ADD* — upload tenants via CSV"}
{"time":"2026-03-31T00:48:34.4392084+03:00","level":"INFO","msg":"mpesa callback: received","trans_id":"T001","amount":"15000.00","ref":"A1","msisdn":"254741775492","source":"mpesa_stk","third_party_id":""}
{"time":"2026-03-31T00:48:34.4392084+03:00","level":"INFO","msg":"request","method":"POST","path":"/mpesa/c2b/callback","status":200,"duration_ms":259,"request_id":"isotope/9Ma3KCOvN2-000008"}
{"time":"2026-03-31T00:48:34.4741779+03:00","level":"INFO","msg":"ledger: payment recorded","payment_id":"947c7819-3d1c-4a37-8f32-04dc83c5747e","unit":"A1","amount":15000,"expected":15000,"monthly_total":15000,"status":"paid","source":"mpesa_stk"}
{"time":"2026-03-31T00:48:34.4747322+03:00","level":"INFO","msg":"process: payment recorded","trans_id":"T001","ref":"A1","source":"mpesa_stk","payment_id":"947c7819-3d1c-4a37-8f32-04dc83c5747e","unit":"A1","amount":15000,"status":"paid","source":"mpesa_stk"}
{"time":"2026-03-31T00:48:36.0439439+03:00","level":"INFO","msg":"twilio: message sent","to":"whatsapp:+254781423339","status":201,"msg":"*Sunrise Apartments* ✓\nJohn Kamau (Unit A1) paid KES 15000\nStatus: Paid in full\nTime: 31 Mar 00:48\nReceipt: #947c7819"}
{"time":"2026-03-31T00:48:37.59952+03:00","level":"INFO","msg":"twilio: message sent","to":"whatsapp:+254741775492","status":201,"msg":"Sunrise Apartments: KES 15000 received for Unit A1 on 31 Mar 00:48. Rent paid in full. Receipt: #947c7819."}
{"time":"2026-03-31T00:48:47.3977306+03:00","level":"INFO","msg":"mpesa callback: received","trans_id":"T002","amount":"12000.00","ref":"A2","msisdn":"254741775492","source":"mpesa_stk","third_party_id":""}
{"time":"2026-03-31T00:48:47.3983109+03:00","level":"INFO","msg":"request","method":"POST","path":"/mpesa/c2b/callback","status":200,"duration_ms":0,"request_id":"isotope/9Ma3KCOvN2-000009"}
{"time":"2026-03-31T00:48:47.4039532+03:00","level":"INFO","msg":"ledger: payment recorded","payment_id":"30254923-5d63-423c-9f60-d6a3a400ce9a","unit":"A2","amount":12000,"expected":12000,"monthly_total":12000,"status":"paid","source":"mpesa_stk"}
{"time":"2026-03-31T00:48:47.4039532+03:00","level":"INFO","msg":"process: payment recorded","trans_id":"T002","ref":"A2","source":"mpesa_stk","payment_id":"30254923-5d63-423c-9f60-d6a3a400ce9a","unit":"A2","amount":12000,"status":"paid","source":"mpesa_stk"}
{"time":"2026-03-31T00:48:48.9599178+03:00","level":"INFO","msg":"twilio: message sent","to":"whatsapp:+254781423339","status":201,"msg":"*Sunrise Apartments* ✓\nMary Wanjiku (Unit A2) paid KES 12000\nStatus: Paid in full\nTime: 31 Mar 00:48\nReceipt: #30254923"}
{"time":"2026-03-31T00:48:50.9579587+03:00","level":"INFO","msg":"twilio: message sent","to":"whatsapp:+254741775492","status":201,"msg":"Sunrise Apartments: KES 12000 received for Unit A2 on 31 Mar 00:48. Rent paid in full. Receipt: #30254923."}
{"time":"2026-03-31T00:48:58.45169+03:00","level":"INFO","msg":"mpesa callback: received","trans_id":"T003","amount":"5000.00","ref":"B1","msisdn":"254741775492","source":"mpesa_stk","third_party_id":""}
{"time":"2026-03-31T00:48:58.45169+03:00","level":"INFO","msg":"request","method":"POST","path":"/mpesa/c2b/callback","status":200,"duration_ms":0,"request_id":"isotope/9Ma3KCOvN2-000010"}
{"time":"2026-03-31T00:48:58.4622965+03:00","level":"INFO","msg":"ledger: payment recorded","payment_id":"06bce9d6-2304-4345-90fa-0802fe924a47","unit":"B1","amount":5000,"expected":10000,"monthly_total":5000,"status":"partial","source":"mpesa_stk"}
{"time":"2026-03-31T00:48:58.4622965+03:00","level":"INFO","msg":"process: payment recorded","trans_id":"T003","ref":"B1","source":"mpesa_stk","payment_id":"06bce9d6-2304-4345-90fa-0802fe924a47","unit":"B1","amount":5000,"status":"partial","source":"mpesa_stk"}
{"time":"2026-03-31T00:49:00.3194767+03:00","level":"INFO","msg":"twilio: message sent","to":"whatsapp:+254781423339","status":201,"msg":"*Sunrise Apartments* ⚠\nPeter Otieno (Unit B1) paid KES 5000\nStatus: Partial\nTime: 31 Mar 00:48\nReceipt: #06bce9d6\n\n_Partial payment — unit not yet fully paid._"}
{"time":"2026-03-31T00:49:01.8781729+03:00","level":"INFO","msg":"twilio: message sent","to":"whatsapp:+254741775492","status":201,"msg":"Sunrise Apartments: KES 5000 received for Unit B1 on 31 Mar 00:48. Partial payment recorded. Receipt: #06bce9d6."}
{"time":"2026-03-31T00:49:09.5789408+03:00","level":"INFO","msg":"bot: inbound message","from":"+254781423339","text":"LIST","id":""}
{"time":"2026-03-31T00:49:09.5789408+03:00","level":"INFO","msg":"request","method":"POST","path":"/bot/whatsapp","status":200,"duration_ms":0,"request_id":"isotope/9Ma3KCOvN2-000011"}
{"time":"2026-03-31T00:49:11.3129125+03:00","level":"INFO","msg":"twilio: message sent","to":"whatsapp:+254781423339","status":201,"msg":"*Sunrise Apartments - Kitengela — March 2026*\nPaid: 2/3 units · KES 27,000\n\n✓ Unit A1 — John Kamau\n✓ Unit A2 — Mary Wanjiku\n\n⚠ Unit B1 — Peter Otieno (partial, KES 5,000 remaining)\n\nReply *REMIND* to nudge unpaid tenants."}
{"time":"2026-03-31T00:49:15.8840521+03:00","level":"INFO","msg":"bot: inbound message","from":"+254781423339","text":"TOTAL","id":""}
{"time":"2026-03-31T00:49:15.8846064+03:00","level":"INFO","msg":"request","method":"POST","path":"/bot/whatsapp","status":200,"duration_ms":0,"request_id":"isotope/9Ma3KCOvN2-000012"}
{"time":"2026-03-31T00:49:17.4540535+03:00","level":"INFO","msg":"twilio: message sent","to":"whatsapp:+254781423339","status":201,"msg":"*Sunrise Apartments - Kitengela — March 2026*\nCollected: KES 32,000\nExpected:  KES 37,000\nBalance:   KES 5,000 outstanding"}
{"time":"2026-03-31T00:49:21.8921059+03:00","level":"INFO","msg":"bot: inbound message","from":"+254781423339","text":"RECEIPT A1","id":""}
{"time":"2026-03-31T00:49:21.8921059+03:00","level":"INFO","msg":"request","method":"POST","path":"/bot/whatsapp","status":200,"duration_ms":0,"request_id":"isotope/9Ma3KCOvN2-000013"}
{"time":"2026-03-31T00:49:23.4779577+03:00","level":"INFO","msg":"twilio: message sent","to":"whatsapp:+254781423339","status":201,"msg":"*Receipt — Sunrise Apartments - Kitengela*\n*Unit A1*\nTenant: John Kamau\nAmount: KES 15,000\nMonth: March 2026\nStatus: paid"}
{"time":"2026-03-31T00:49:28.3258648+03:00","level":"INFO","msg":"bot: inbound message","from":"+254781423339","text":"RECEIPT B1","id":""}
{"time":"2026-03-31T00:49:28.3258648+03:00","level":"INFO","msg":"request","method":"POST","path":"/bot/whatsapp","status":200,"duration_ms":0,"request_id":"isotope/9Ma3KCOvN2-000014"}
{"time":"2026-03-31T00:49:29.8818872+03:00","level":"INFO","msg":"twilio: message sent","to":"whatsapp:+254781423339","status":201,"msg":"*Receipt — Sunrise Apartments - Kitengela*\n*Unit B1*\nTenant: Peter Otieno\nAmount: KES 5,000\nMonth: March 2026\nStatus: partial"}
{"time":"2026-03-31T00:49:35.1717271+03:00","level":"INFO","msg":"bot: inbound message","from":"+254781423339","text":"HISTORY A1","id":""}
{"time":"2026-03-31T00:49:35.1717271+03:00","level":"INFO","msg":"request","method":"POST","path":"/bot/whatsapp","status":200,"duration_ms":1,"request_id":"isotope/9Ma3KCOvN2-000015"}
{"time":"2026-03-31T00:49:37.0127875+03:00","level":"INFO","msg":"twilio: message sent","to":"whatsapp:+254781423339","status":201,"msg":"*Payment History — Unit A1 (John Kamau)*\n\n2026-03 — KES 15,000 (paid)"}
{"time":"2026-03-31T00:49:41.5805924+03:00","level":"INFO","msg":"bot: inbound message","from":"+254781423339","text":"LANDLORD-HISTORY","id":""}
{"time":"2026-03-31T00:49:41.5811412+03:00","level":"INFO","msg":"request","method":"POST","path":"/bot/whatsapp","status":200,"duration_ms":0,"request_id":"isotope/9Ma3KCOvN2-000016"}
{"time":"2026-03-31T00:49:43.1530146+03:00","level":"INFO","msg":"twilio: message sent","to":"whatsapp:+254781423339","status":201,"msg":"*12-Month Portfolio — Sunrise Apartments - Kitengela*\n\n⚠ Mar 2026 — 2/3 units\n  Collected: KES 32,000\n  Expected:  KES 37,000\n  Shortfall: KES 5,000\n  Arrears:   KES 5,000"}
{"time":"2026-03-31T00:49:48.0312717+03:00","level":"INFO","msg":"bot: inbound message","from":"+254781423339","text":"REMIND","id":""}
{"time":"2026-03-31T00:49:48.0312717+03:00","level":"INFO","msg":"request","method":"POST","path":"/bot/whatsapp","status":200,"duration_ms":0,"request_id":"isotope/9Ma3KCOvN2-000017"}
{"time":"2026-03-31T00:49:49.5780844+03:00","level":"INFO","msg":"twilio: message sent","to":"whatsapp:+254741775492","status":201,"msg":"Hi Peter Otieno, your rent of KES 10000 for unit B1 (March 2026) is due. Pay via M-Pesa Paybill, account: B1. Thank you."}
{"time":"2026-03-31T00:49:51.1157044+03:00","level":"INFO","msg":"twilio: message sent","to":"whatsapp:+254781423339","status":201,"msg":"Sent reminders to 1 tenant(s)."}
{"time":"2026-03-31T00:49:54.4141418+03:00","level":"INFO","msg":"mpesa callback: received","trans_id":"T-BAD","amount":"10000.00","ref":"WRONGREF","msisdn":"254741775492","source":"mpesa_stk","third_party_id":""}
{"time":"2026-03-31T00:49:54.4147157+03:00","level":"INFO","msg":"request","method":"POST","path":"/mpesa/c2b/callback","status":200,"duration_ms":0,"request_id":"isotope/9Ma3KCOvN2-000018"}
{"time":"2026-03-31T00:49:54.4164867+03:00","level":"WARN","msg":"process: no matching unit","trans_id":"T-BAD","ref":"WRONGREF","source":"mpesa_stk","landlord_id":"accee42b-c93d-479a-a1b4-b76636c03c10","error":"no matching unit for account reference"}
{"time":"2026-03-31T00:49:54.4186264+03:00","level":"WARN","msg":"handleUnmatched: recorded","trans_id":"T-BAD","ref":"WRONGREF","payment_id":"4f6036e4-ea31-47ff-82c0-53fd55c6e495","source":"mpesa_stk"}
{"time":"2026-03-31T00:49:55.9766172+03:00","level":"INFO","msg":"twilio: message sent","to":"whatsapp:+254781423339","status":201,"msg":"*Sunrise Apartments* — Unmatched payment\nAmount: KES 10000\nFrom: 254741775492\nTransaction: T-BAD\n\nReply *CLAIM T-BAD TO <unit>* to assign it."}
{"time":"2026-03-31T00:50:05.1895977+03:00","level":"INFO","msg":"bot: inbound message","from":"+254781423339","text":"CLAIM T-BAD TO B1","id":""}
{"time":"2026-03-31T00:50:05.1901667+03:00","level":"INFO","msg":"request","method":"POST","path":"/bot/whatsapp","status":200,"duration_ms":0,"request_id":"isotope/9Ma3KCOvN2-000019"}
{"time":"2026-03-31T00:50:07.0469845+03:00","level":"INFO","msg":"twilio: message sent","to":"whatsapp:+254781423339","status":201,"msg":"Payment assigned.\nKES 10,000 → Unit B1 (Peter Otieno)\nTransaction: T-BAD"}
{"time":"2026-03-31T00:50:11.5664389+03:00","level":"INFO","msg":"bot: inbound message","from":"+254781423339","text":"HISTORY-EXT B1","id":""}
{"time":"2026-03-31T00:50:11.5669721+03:00","level":"INFO","msg":"request","method":"POST","path":"/bot/whatsapp","status":200,"duration_ms":0,"request_id":"isotope/9Ma3KCOvN2-000020"}
{"time":"2026-03-31T00:50:13.4433342+03:00","level":"INFO","msg":"twilio: message sent","to":"whatsapp:+254781423339","status":201,"msg":"*12-Month History — Unit B1 (Peter Otieno)*\n_Sunrise Apartments - Kitengela_\n\n✓ Mar 2026\n  Paid: KES 15,000 / KES 10,000\n  Receipt: #T003"}
{"time":"2026-03-31T00:50:17.9486166+03:00","level":"INFO","msg":"bot: inbound message","from":"+254781423339","text":"HISTORY-EXT A1","id":""}
{"time":"2026-03-31T00:50:17.9486166+03:00","level":"INFO","msg":"request","method":"POST","path":"/bot/whatsapp","status":200,"duration_ms":0,"request_id":"isotope/9Ma3KCOvN2-000021"}
{"time":"2026-03-31T00:50:19.5237775+03:00","level":"INFO","msg":"twilio: message sent","to":"whatsapp:+254781423339","status":201,"msg":"*12-Month History — Unit A1 (John Kamau)*\n_Sunrise Apartments - Kitengela_\n\n✓ Mar 2026\n  Paid: KES 15,000 / KES 15,000\n  Receipt: #T001"}
{"time":"2026-03-31T00:50:24.1126941+03:00","level":"INFO","msg":"bot: inbound message","from":"+254781423339","text":"RECEIPT B1","id":""}
{"time":"2026-03-31T00:50:24.1126941+03:00","level":"INFO","msg":"request","method":"POST","path":"/bot/whatsapp","status":200,"duration_ms":0,"request_id":"isotope/9Ma3KCOvN2-000022"}
{"time":"2026-03-31T00:50:25.6520116+03:00","level":"INFO","msg":"twilio: message sent","to":"whatsapp:+254781423339","status":201,"msg":"*Receipt — Sunrise Apartments - Kitengela*\n*Unit B1*\nTenant: Peter Otieno\nAmount: KES 15,000\nMonth: March 2026\nStatus: partial"}
{"time":"2026-03-31T00:50:30.1807007+03:00","level":"INFO","msg":"bot: inbound message","from":"+254781423339","text":"LIST","id":""}
{"time":"2026-03-31T00:50:30.1807007+03:00","level":"INFO","msg":"request","method":"POST","path":"/bot/whatsapp","status":200,"duration_ms":0,"request_id":"isotope/9Ma3KCOvN2-000023"}
{"time":"2026-03-31T00:50:31.7275397+03:00","level":"INFO","msg":"twilio: message sent","to":"whatsapp:+254781423339","status":201,"msg":"*Sunrise Apartments - Kitengela — March 2026*\nPaid: 3/3 units · KES 42,000\n\n✓ Unit A1 — John Kamau\n✓ Unit A2 — Mary Wanjiku\n✓ Unit B1 — Peter Otieno\n"}
{"time":"2026-03-31T00:50:36.19714+03:00","level":"INFO","msg":"bot: inbound message","from":"+254781423339","text":"ADD UNIT C1 Grace Auma 0745678901 9000","id":""}
{"time":"2026-03-31T00:50:36.19714+03:00","level":"INFO","msg":"request","method":"POST","path":"/bot/whatsapp","status":200,"duration_ms":0,"request_id":"isotope/9Ma3KCOvN2-000024"}
{"time":"2026-03-31T00:50:37.803697+03:00","level":"INFO","msg":"twilio: message sent","to":"whatsapp:+254781423339","status":201,"msg":"Unit C1 added to *Sunrise Apartments - Kitengela*.\nTenant: GRACE AUMA\nPhone: 0745678901\nRent: KES 9,000\n\nPaybill: 174379 · Account: *C1*"}
{"time":"2026-03-31T00:50:42.5952983+03:00","level":"INFO","msg":"bot: inbound message","from":"+254781423339","text":"SET RENT C1 9500","id":""}
{"time":"2026-03-31T00:50:42.5952983+03:00","level":"INFO","msg":"request","method":"POST","path":"/bot/whatsapp","status":200,"duration_ms":0,"request_id":"isotope/9Ma3KCOvN2-000025"}
{"time":"2026-03-31T00:50:44.4388821+03:00","level":"INFO","msg":"twilio: message sent","to":"whatsapp:+254781423339","status":201,"msg":"Rent updated.\nUnit C1 → KES 9,500\n\n_Takes effect immediately for future payments._"}
{"time":"2026-03-31T00:50:48.7391744+03:00","level":"INFO","msg":"bot: inbound message","from":"+254781423339","text":"MARK C1 PAID 9500 CASH","id":""}
{"time":"2026-03-31T00:50:48.7391744+03:00","level":"INFO","msg":"request","method":"POST","path":"/bot/whatsapp","status":200,"duration_ms":0,"request_id":"isotope/9Ma3KCOvN2-000026"}
{"time":"2026-03-31T00:50:50.3054287+03:00","level":"INFO","msg":"twilio: message sent","to":"whatsapp:+254781423339","status":201,"msg":"*Manual payment recorded*\nUnit C1 — GRACE AUMA\nAmount: KES 9,500\nMethod: Cash\nStatus: paid\nRef: #eb5fb055"}
{"time":"2026-03-31T00:50:58.8584754+03:00","level":"INFO","msg":"bot: inbound message","from":"+254781423339","text":"HISTORY C1","id":""}
{"time":"2026-03-31T00:50:58.8584754+03:00","level":"INFO","msg":"request","method":"POST","path":"/bot/whatsapp","status":200,"duration_ms":0,"request_id":"isotope/9Ma3KCOvN2-000027"}
{"time":"2026-03-31T00:51:00.4408134+03:00","level":"INFO","msg":"twilio: message sent","to":"whatsapp:+254781423339","status":201,"msg":"*Payment History — Unit C1 (GRACE AUMA)*\n\n2026-03 — KES 9,500 (paid)"}
{"time":"2026-03-31T00:51:05.6176927+03:00","level":"INFO","msg":"bot: inbound message","from":"+254781423339","text":"REPLACE C1 New Tenant 0712345678 9500","id":""}
{"time":"2026-03-31T00:51:05.6182616+03:00","level":"INFO","msg":"request","method":"POST","path":"/bot/whatsapp","status":200,"duration_ms":0,"request_id":"isotope/9Ma3KCOvN2-000028"}
{"time":"2026-03-31T00:51:07.5300912+03:00","level":"INFO","msg":"twilio: message sent","to":"whatsapp:+254781423339","status":201,"msg":"Tenant replaced on Unit C1.\nNew tenant: NEW TENANT\nPhone: 0712345678\nRent: KES 9,500\n\nPrevious payment history is preserved."}
{"time":"2026-03-31T00:51:12.2470403+03:00","level":"INFO","msg":"bot: inbound message","from":"+254781423339","text":"HISTORY C1","id":""}
{"time":"2026-03-31T00:51:12.2470403+03:00","level":"INFO","msg":"request","method":"POST","path":"/bot/whatsapp","status":200,"duration_ms":0,"request_id":"isotope/9Ma3KCOvN2-000029"}
{"time":"2026-03-31T00:51:13.8205545+03:00","level":"INFO","msg":"twilio: message sent","to":"whatsapp:+254781423339","status":201,"msg":"*Payment History — Unit C1 (NEW TENANT)*\n\n2026-03 — KES 9,500 (paid)"}
{"time":"2026-03-31T00:51:18.4176233+03:00","level":"INFO","msg":"bot: inbound message","from":"+254781423339","text":"LIST","id":""}
{"time":"2026-03-31T00:51:18.4176233+03:00","level":"INFO","msg":"request","method":"POST","path":"/bot/whatsapp","status":200,"duration_ms":0,"request_id":"isotope/9Ma3KCOvN2-000030"}
{"time":"2026-03-31T00:51:20.3020938+03:00","level":"INFO","msg":"twilio: message sent","to":"whatsapp:+254781423339","status":201,"msg":"*Sunrise Apartments - Kitengela — March 2026*\nPaid: 4/4 units · KES 51,500\n\n✓ Unit A1 — John Kamau\n✓ Unit A2 — Mary Wanjiku\n✓ Unit B1 — Peter Otieno\n✓ Unit C1 — NEW TENANT\n"}
{"time":"2026-03-31T00:51:24.711627+03:00","level":"INFO","msg":"bot: inbound message","from":"+254781423339","text":"DEPOSIT A1","id":""}
{"time":"2026-03-31T00:51:24.711627+03:00","level":"INFO","msg":"request","method":"POST","path":"/bot/whatsapp","status":200,"duration_ms":0,"request_id":"isotope/9Ma3KCOvN2-000031"}
{"time":"2026-03-31T00:51:26.2876502+03:00","level":"INFO","msg":"twilio: message sent","to":"whatsapp:+254781423339","status":201,"msg":"*Deposit — Unit A1 (John Kamau)*\n\nNo deposit on record.\n\nTo record a deposit received:\n*DEPOSIT-RECEIVE A1 <amount>*"}
{"time":"2026-03-31T00:51:30.8482399+03:00","level":"INFO","msg":"bot: inbound message","from":"+254781423339","text":"DEPOSIT-RECEIVE A1 15000","id":""}
{"time":"2026-03-31T00:51:30.8482399+03:00","level":"INFO","msg":"request","method":"POST","path":"/bot/whatsapp","status":200,"duration_ms":0,"request_id":"isotope/9Ma3KCOvN2-000032"}
{"time":"2026-03-31T00:51:30.8587084+03:00","level":"INFO","msg":"deposit: received","unit":"A1","amount":15000,"balance":0}
{"time":"2026-03-31T00:51:32.4028253+03:00","level":"INFO","msg":"twilio: message sent","to":"whatsapp:+254781423339","status":201,"msg":"*Deposit received*\nUnit A1 — John Kamau\nReceived: KES 15,000\nTotal paid: KES 15,000\nExpected:  KES 15,000\nStatus: deposit fully received"}
{"time":"2026-03-31T00:51:37.2877413+03:00","level":"INFO","msg":"bot: inbound message","from":"+254781423339","text":"DEPOSIT A1","id":""}
{"time":"2026-03-31T00:51:37.2877413+03:00","level":"INFO","msg":"request","method":"POST","path":"/bot/whatsapp","status":200,"duration_ms":0,"request_id":"isotope/9Ma3KCOvN2-000033"}
{"time":"2026-03-31T00:51:38.9361238+03:00","level":"INFO","msg":"twilio: message sent","to":"whatsapp:+254781423339","status":201,"msg":"*Deposit — Unit A1 (John Kamau)*\nExpected: KES 15,000\nPaid:     KES 15,000\nStatus: KES 15,000 held\n\n*Recent transactions:*\n31 Mar KES 15,000 — received\n"}
{"time":"2026-03-31T00:51:43.6035001+03:00","level":"INFO","msg":"bot: inbound message","from":"+254781423339","text":"DEPOSIT-RECEIVE A1 5000 top-up","id":""}
{"time":"2026-03-31T00:51:43.6035001+03:00","level":"INFO","msg":"request","method":"POST","path":"/bot/whatsapp","status":200,"duration_ms":0,"request_id":"isotope/9Ma3KCOvN2-000034"}
{"time":"2026-03-31T00:51:43.6079758+03:00","level":"INFO","msg":"deposit: received","unit":"A1","amount":5000,"balance":0}
{"time":"2026-03-31T00:51:45.1555938+03:00","level":"INFO","msg":"twilio: message sent","to":"whatsapp:+254781423339","status":201,"msg":"*Deposit received*\nUnit A1 — John Kamau\nReceived: KES 5,000\nTotal paid: KES 20,000\nExpected:  KES 15,000\nStatus: deposit fully received"}
{"time":"2026-03-31T00:51:54.2538228+03:00","level":"INFO","msg":"bot: inbound message","from":"+254781423339","text":"DEPOSIT-REFUND A1 12000","id":""}
{"time":"2026-03-31T00:51:54.2543866+03:00","level":"INFO","msg":"request","method":"POST","path":"/bot/whatsapp","status":200,"duration_ms":0,"request_id":"isotope/9Ma3KCOvN2-000035"}
{"time":"2026-03-31T00:51:54.2595982+03:00","level":"INFO","msg":"deposit: refunded","unit":"A1","amount":12000,"refunded_total":12000}
{"time":"2026-03-31T00:51:56.0842151+03:00","level":"INFO","msg":"twilio: message sent","to":"whatsapp:+254781423339","status":201,"msg":"*Deposit refund recorded*\nUnit A1 — John Kamau\nRefund: KES 12,000\nTotal refunded: KES 12,000\nRemaining held: KES 8,000"}
{"time":"2026-03-31T00:52:00.6469453+03:00","level":"INFO","msg":"bot: inbound message","from":"+254781423339","text":"DEPOSIT A1","id":""}
{"time":"2026-03-31T00:52:00.6469453+03:00","level":"INFO","msg":"request","method":"POST","path":"/bot/whatsapp","status":200,"duration_ms":0,"request_id":"isotope/9Ma3KCOvN2-000036"}
{"time":"2026-03-31T00:52:02.2249479+03:00","level":"INFO","msg":"twilio: message sent","to":"whatsapp:+254781423339","status":201,"msg":"*Deposit — Unit A1 (John Kamau)*\nExpected: KES 15,000\nPaid:     KES 20,000\nRefunded: KES 12,000\nStatus: KES 8,000 held\n\n*Recent transactions:*\n31 Mar KES 12,000 — refund\n31 Mar KES 5,000 — received\n31 Mar KES 15,000 — received\n"}
{"time":"2026-03-31T00:52:06.9095033+03:00","level":"INFO","msg":"bot: inbound message","from":"+254781423339","text":"DEPOSIT-REFUND A1 8000 final-refund","id":""}
{"time":"2026-03-31T00:52:06.9095033+03:00","level":"INFO","msg":"request","method":"POST","path":"/bot/whatsapp","status":200,"duration_ms":0,"request_id":"isotope/9Ma3KCOvN2-000037"}
{"time":"2026-03-31T00:52:06.9171539+03:00","level":"INFO","msg":"deposit: refunded","unit":"A1","amount":8000,"refunded_total":20000}
{"time":"2026-03-31T00:52:08.7993816+03:00","level":"INFO","msg":"twilio: message sent","to":"whatsapp:+254781423339","status":201,"msg":"*Deposit refund recorded*\nUnit A1 — John Kamau\nRefund: KES 8,000\nTotal refunded: KES 20,000\nRemaining held: KES 0"}
{"time":"2026-03-31T00:52:13.6877693+03:00","level":"INFO","msg":"bot: inbound message","from":"+254781423339","text":"DEPOSIT A1","id":""}
{"time":"2026-03-31T00:52:13.6877693+03:00","level":"INFO","msg":"request","method":"POST","path":"/bot/whatsapp","status":200,"duration_ms":0,"request_id":"isotope/9Ma3KCOvN2-000038"}
{"time":"2026-03-31T00:52:15.2691564+03:00","level":"INFO","msg":"twilio: message sent","to":"whatsapp:+254781423339","status":201,"msg":"*Deposit — Unit A1 (John Kamau)*\nExpected: KES 15,000\nPaid:     KES 20,000\nRefunded: KES 20,000\nStatus: fully refunded\n\n*Recent transactions:*\n31 Mar KES 8,000 — refund\n31 Mar KES 12,000 — refund\n31 Mar KES 5,000 — received\n"}
{"time":"2026-03-31T00:52:19.4177106+03:00","level":"INFO","msg":"bot: inbound message","from":"+254781423339","text":"HISTORY-EXT A1","id":""}
{"time":"2026-03-31T00:52:19.4177106+03:00","level":"INFO","msg":"request","method":"POST","path":"/bot/whatsapp","status":200,"duration_ms":0,"request_id":"isotope/9Ma3KCOvN2-000039"}
{"time":"2026-03-31T00:52:20.9829345+03:00","level":"INFO","msg":"twilio: message sent","to":"whatsapp:+254781423339","status":201,"msg":"*12-Month History — Unit A1 (John Kamau)*\n_Sunrise Apartments - Kitengela_\n\n✓ Mar 2026\n  Paid: KES 15,000 / KES 15,000\n  Receipt: #T001\n\n*Deposit*\nExpected: KES 15,000\nPaid:     KES 20,000\nRefunded: KES 20,000\nStatus: fully refunded"}
{"time":"2026-03-31T00:52:25.7592316+03:00","level":"INFO","msg":"bot: inbound message","from":"+254781423339","text":"DEPOSIT-RECEIVE B1 10000","id":""}
{"time":"2026-03-31T00:52:25.7592316+03:00","level":"INFO","msg":"request","method":"POST","path":"/bot/whatsapp","status":200,"duration_ms":0,"request_id":"isotope/9Ma3KCOvN2-000040"}
{"time":"2026-03-31T00:52:25.7660641+03:00","level":"INFO","msg":"deposit: received","unit":"B1","amount":10000,"balance":0}
{"time":"2026-03-31T00:52:27.6199676+03:00","level":"INFO","msg":"twilio: message sent","to":"whatsapp:+254781423339","status":201,"msg":"*Deposit received*\nUnit B1 — Peter Otieno\nReceived: KES 10,000\nTotal paid: KES 10,000\nExpected:  KES 10,000\nStatus: deposit fully received"}
{"time":"2026-03-31T00:52:32.1551921+03:00","level":"INFO","msg":"bot: inbound message","from":"+254741775492","text":"CLIENTS","id":""}
{"time":"2026-03-31T00:52:32.1557496+03:00","level":"INFO","msg":"request","method":"POST","path":"/bot/whatsapp","status":200,"duration_ms":0,"request_id":"isotope/9Ma3KCOvN2-000041"}
{"time":"2026-03-31T00:52:33.7016272+03:00","level":"INFO","msg":"twilio: message sent","to":"whatsapp:+254741775492","status":201,"msg":"*RentLoop — Your Clients (1)*\n\n✓ Sunrise Apartments - Kitengela — 4 units\n\nReply *LIST <name>* to check a client's payment status."}
{"time":"2026-03-31T00:52:38.6982747+03:00","level":"INFO","msg":"bot: inbound message","from":"+254741775492","text":"LIST","id":""}
{"time":"2026-03-31T00:52:38.6982747+03:00","level":"INFO","msg":"request","method":"POST","path":"/bot/whatsapp","status":200,"duration_ms":0,"request_id":"isotope/9Ma3KCOvN2-000042"}
{"time":"2026-03-31T00:52:40.2399944+03:00","level":"INFO","msg":"twilio: message sent","to":"whatsapp:+254741775492","status":201,"msg":"*Portfolio — March 2026*\n\n*Sunrise Apartments - Kitengela* (4/4 paid)\n  ✓ A1 — John Kamau — Paid\n  ✓ A2 — Mary Wanjiku — Paid\n  ✓ B1 — Peter Otieno — Paid\n  ✓ C1 — NEW TENANT — Paid\n\n*Total: 4/4 units paid*"}
{"time":"2026-03-31T00:52:44.809208+03:00","level":"INFO","msg":"bot: inbound message","from":"+254741775492","text":"LIST Dads","id":""}
{"time":"2026-03-31T00:52:44.809208+03:00","level":"INFO","msg":"request","method":"POST","path":"/bot/whatsapp","status":200,"duration_ms":0,"request_id":"isotope/9Ma3KCOvN2-000043"}
{"time":"2026-03-31T00:52:46.365386+03:00","level":"INFO","msg":"twilio: message sent","to":"whatsapp:+254741775492","status":201,"msg":"*Sunrise Apartments - Kitengela — March 2026*\n  ✓ A1 — John Kamau — Paid\n  ✓ A2 — Mary Wanjiku — Paid\n  ✓ B1 — Peter Otieno — Paid\n  ✓ C1 — NEW TENANT — Paid\n\nPaid: 4/4 · KES 51,500 collected"}
{"time":"2026-03-31T00:52:51.3600176+03:00","level":"INFO","msg":"bot: inbound message","from":"+254741775492","text":"LIST NOMATCH","id":""}
{"time":"2026-03-31T00:52:51.3600176+03:00","level":"INFO","msg":"request","method":"POST","path":"/bot/whatsapp","status":200,"duration_ms":0,"request_id":"isotope/9Ma3KCOvN2-000044"}
{"time":"2026-03-31T00:52:52.9147307+03:00","level":"INFO","msg":"twilio: message sent","to":"whatsapp:+254741775492","status":201,"msg":"No landlord found matching \"NOMATCH\". Check the name and try again."}
{"time":"2026-03-31T00:52:57.4531773+03:00","level":"INFO","msg":"bot: inbound message","from":"+254741775492","text":"TOTAL ALL","id":""}
{"time":"2026-03-31T00:52:57.4531773+03:00","level":"INFO","msg":"request","method":"POST","path":"/bot/whatsapp","status":200,"duration_ms":0,"request_id":"isotope/9Ma3KCOvN2-000045"}
{"time":"2026-03-31T00:52:59.3025457+03:00","level":"INFO","msg":"twilio: message sent","to":"whatsapp:+254741775492","status":201,"msg":"*Portfolio Total — March 2026*\n\n✓ *Sunrise Apartments - Kitengela*\n  Collected: KES 51,500 / KES 46,500\n\n*Grand Total*\nCollected: KES 51,500\nExpected:  KES 46,500\nBalance:   fully collected ✓"}
{"time":"2026-03-31T00:53:03.9336793+03:00","level":"INFO","msg":"bot: inbound message","from":"+254741775492","text":"TOTAL Dads","id":""}
{"time":"2026-03-31T00:53:03.9343084+03:00","level":"INFO","msg":"request","method":"POST","path":"/bot/whatsapp","status":200,"duration_ms":0,"request_id":"isotope/9Ma3KCOvN2-000046"}
{"time":"2026-03-31T00:53:05.4856392+03:00","level":"INFO","msg":"twilio: message sent","to":"whatsapp:+254741775492","status":201,"msg":"*Sunrise Apartments - Kitengela — March 2026*\nCollected: KES 51,500\nExpected:  KES 46,500\nBalance:   fully collected ✓"}
{"time":"2026-03-31T00:53:10.2616261+03:00","level":"INFO","msg":"bot: inbound message","from":"+254741775492","text":"REMIND ALL","id":""}
{"time":"2026-03-31T00:53:10.2616261+03:00","level":"INFO","msg":"request","method":"POST","path":"/bot/whatsapp","status":200,"duration_ms":0,"request_id":"isotope/9Ma3KCOvN2-000047"}
{"time":"2026-03-31T00:53:12.1268394+03:00","level":"INFO","msg":"twilio: message sent","to":"whatsapp:+254741775492","status":201,"msg":"All units paid for March 2026 — no reminders needed. ✓"}
{"time":"2026-03-31T00:53:16.7004429+03:00","level":"INFO","msg":"bot: inbound message","from":"+254741775492","text":"REMIND Dads","id":""}
{"time":"2026-03-31T00:53:16.7004429+03:00","level":"INFO","msg":"request","method":"POST","path":"/bot/whatsapp","status":200,"duration_ms":0,"request_id":"isotope/9Ma3KCOvN2-000048"}
{"time":"2026-03-31T00:53:18.2738059+03:00","level":"INFO","msg":"twilio: message sent","to":"whatsapp:+254741775492","status":201,"msg":"All of Dads Agency's units are paid for March 2026. ✓"}
{"time":"2026-03-31T00:53:22.8695828+03:00","level":"INFO","msg":"bot: inbound message","from":"+254741775492","text":"RECEIPT Dads A1","id":""}
{"time":"2026-03-31T00:53:22.8695828+03:00","level":"INFO","msg":"request","method":"POST","path":"/bot/whatsapp","status":200,"duration_ms":0,"request_id":"isotope/9Ma3KCOvN2-000049"}
{"time":"2026-03-31T00:53:24.4310446+03:00","level":"INFO","msg":"twilio: message sent","to":"whatsapp:+254741775492","status":201,"msg":"*Receipt — Sunrise Apartments - Kitengela / Unit A1*\nTenant: John Kamau\nAmount: KES 15,000\nMonth: March 2026\nStatus: paid"}
{"time":"2026-03-31T00:53:29.3123303+03:00","level":"INFO","msg":"bot: inbound message","from":"+254741775492","text":"RECEIPT Dads Z9","id":""}
{"time":"2026-03-31T00:53:29.3123303+03:00","level":"INFO","msg":"request","method":"POST","path":"/bot/whatsapp","status":200,"duration_ms":0,"request_id":"isotope/9Ma3KCOvN2-000050"}
{"time":"2026-03-31T00:53:31.1547233+03:00","level":"INFO","msg":"twilio: message sent","to":"whatsapp:+254741775492","status":201,"msg":"Unit \"Z9\" not found under Dads Agency."}
{"time":"2026-03-31T00:53:35.7558772+03:00","level":"INFO","msg":"bot: inbound message","from":"+254741775492","text":"HISTORY Dads A1","id":""}
{"time":"2026-03-31T00:53:35.7558772+03:00","level":"INFO","msg":"request","method":"POST","path":"/bot/whatsapp","status":200,"duration_ms":0,"request_id":"isotope/9Ma3KCOvN2-000051"}
{"time":"2026-03-31T00:53:37.3005656+03:00","level":"INFO","msg":"twilio: message sent","to":"whatsapp:+254741775492","status":201,"msg":"*Payment History — Sunrise Apartments - Kitengela / Unit A1 (John Kamau)*\n\n2026-03 — KES 15,000 (paid)"}
{"time":"2026-03-31T00:53:42.1865683+03:00","level":"INFO","msg":"bot: inbound message","from":"+254741775492","text":"HISTORY-EXT Dads A1","id":""}
{"time":"2026-03-31T00:53:42.1865683+03:00","level":"INFO","msg":"request","method":"POST","path":"/bot/whatsapp","status":200,"duration_ms":0,"request_id":"isotope/9Ma3KCOvN2-000052"}
{"time":"2026-03-31T00:53:43.7596795+03:00","level":"INFO","msg":"twilio: message sent","to":"whatsapp:+254741775492","status":201,"msg":"*12-Month History — Sunrise Apartments - Kitengela / Unit A1 (John Kamau)*\n\n✓ Mar 2026\n  Paid: KES 15,000 / KES 15,000\n  Receipt: #T001\n\n*Deposit*\nExpected: KES 15,000\nPaid:     KES 20,000\nRefunded: KES 20,000\nStatus:   fully refunded"}
{"time":"2026-03-31T00:53:48.2608639+03:00","level":"INFO","msg":"bot: inbound message","from":"+254741775492","text":"HISTORY-EXT ALL","id":""}
{"time":"2026-03-31T00:53:48.2608639+03:00","level":"INFO","msg":"request","method":"POST","path":"/bot/whatsapp","status":200,"duration_ms":0,"request_id":"isotope/9Ma3KCOvN2-000053"}
{"time":"2026-03-31T00:53:49.8309642+03:00","level":"INFO","msg":"twilio: message sent","to":"whatsapp:+254741775492","status":201,"msg":"*12-Month Portfolio History*\n\n*Sunrise Apartments - Kitengela* (4 unit(s))\n  Unit A1 — John Kamau\n    ✓ Mar 2026: KES 15,000 / KES 15,000\n  Unit A2 — Mary Wanjiku\n    ✓ Mar 2026: KES 12,000 / KES 12,000\n  Unit B1 — Peter Otieno\n    ✓ Mar 2026: KES 15,000 / KES 10,000\n  Unit C1 — NEW TENANT\n    ✓ Mar 2026: KES 9,500 / KES 9,500\n"}
{"time":"2026-03-31T00:53:54.4334957+03:00","level":"INFO","msg":"bot: inbound message","from":"+254741775492","text":"LANDLORD-HISTORY Dads","id":""}
{"time":"2026-03-31T00:53:54.4334957+03:00","level":"INFO","msg":"request","method":"POST","path":"/bot/whatsapp","status":200,"duration_ms":0,"request_id":"isotope/9Ma3KCOvN2-000054"}
{"time":"2026-03-31T00:53:56.0079579+03:00","level":"INFO","msg":"twilio: message sent","to":"whatsapp:+254741775492","status":201,"msg":"*12-Month Portfolio — Sunrise Apartments - Kitengela*\n\n✓ Mar 2026 — 4/4 units\n  Collected: KES 51,500\n  Expected:  KES 46,500"}
{"time":"2026-03-31T00:54:00.8516676+03:00","level":"INFO","msg":"bot: inbound message","from":"+254741775492","text":"DEPOSIT Dads A1","id":""}
{"time":"2026-03-31T00:54:00.8516676+03:00","level":"INFO","msg":"request","method":"POST","path":"/bot/whatsapp","status":200,"duration_ms":0,"request_id":"isotope/9Ma3KCOvN2-000055"}
{"time":"2026-03-31T00:54:02.711639+03:00","level":"INFO","msg":"twilio: message sent","to":"whatsapp:+254741775492","status":201,"msg":"*Deposit — Sunrise Apartments - Kitengela / Unit A1 (John Kamau)*\nDeposit Received: KES 20,000\nExpected:         KES 15,000\nRefunded:         KES 20,000\nStatus:           fully refunded"}
{"time":"2026-03-31T00:54:06.9677891+03:00","level":"INFO","msg":"bot: inbound message","from":"+254741775492","text":"DEPOSIT Dads B1","id":""}
{"time":"2026-03-31T00:54:06.9677891+03:00","level":"INFO","msg":"request","method":"POST","path":"/bot/whatsapp","status":200,"duration_ms":0,"request_id":"isotope/9Ma3KCOvN2-000056"}
{"time":"2026-03-31T00:54:08.5418153+03:00","level":"INFO","msg":"twilio: message sent","to":"whatsapp:+254741775492","status":201,"msg":"*Deposit — Sunrise Apartments - Kitengela / Unit B1 (Peter Otieno)*\nDeposit Received: KES 10,000\nStatus:           KES 10,000 held"}
{"time":"2026-03-31T00:54:13.4134778+03:00","level":"INFO","msg":"bot: inbound message","from":"+254741775492","text":"DEPOSIT STATUS Dads","id":""}
{"time":"2026-03-31T00:54:13.4140801+03:00","level":"INFO","msg":"request","method":"POST","path":"/bot/whatsapp","status":200,"duration_ms":0,"request_id":"isotope/9Ma3KCOvN2-000057"}
{"time":"2026-03-31T00:54:15.2657728+03:00","level":"INFO","msg":"twilio: message sent","to":"whatsapp:+254741775492","status":201,"msg":"*Deposits — Sunrise Apartments - Kitengela*\n  A1 — John Kamau — fully refunded\n  A2 — Mary Wanjiku — No deposit\n  B1 — Peter Otieno — KES 10,000 held\n  C1 — NEW TENANT — No deposit\n"}
{"time":"2026-03-31T00:54:19.7469179+03:00","level":"INFO","msg":"bot: inbound message","from":"+254741775492","text":"DEPOSIT STATUS ALL","id":""}
{"time":"2026-03-31T00:54:19.7469179+03:00","level":"INFO","msg":"request","method":"POST","path":"/bot/whatsapp","status":200,"duration_ms":0,"request_id":"isotope/9Ma3KCOvN2-000058"}
{"time":"2026-03-31T00:54:21.2866531+03:00","level":"INFO","msg":"twilio: message sent","to":"whatsapp:+254741775492","status":201,"msg":"*Deposit Overview — March 2026*\n\n*Sunrise Apartments - Kitengela*\n  A1 — John Kamau — fully refunded\n  A2 — Mary Wanjiku — No deposit\n  B1 — Peter Otieno — KES 10,000 held\n  C1 — NEW TENANT — No deposit\n\n*Total deposits held: KES 10,000*"}
{"time":"2026-03-31T00:54:26.0871177+03:00","level":"INFO","msg":"bot: inbound message","from":"+254781423339","text":"RECEIPT","id":""}
{"time":"2026-03-31T00:54:26.0871177+03:00","level":"INFO","msg":"request","method":"POST","path":"/bot/whatsapp","status":200,"duration_ms":0,"request_id":"isotope/9Ma3KCOvN2-000059"}
{"time":"2026-03-31T00:54:27.6454864+03:00","level":"INFO","msg":"twilio: message sent","to":"whatsapp:+254781423339","status":201,"msg":"Usage: RECEIPT <unit>\nExample: RECEIPT 4B"}
{"time":"2026-03-31T00:54:32.4894349+03:00","level":"INFO","msg":"bot: inbound message","from":"+254781423339","text":"HISTORY-EXT","id":""}
{"time":"2026-03-31T00:54:32.4894349+03:00","level":"INFO","msg":"request","method":"POST","path":"/bot/whatsapp","status":200,"duration_ms":0,"request_id":"isotope/9Ma3KCOvN2-000060"}
{"time":"2026-03-31T00:54:34.3147421+03:00","level":"INFO","msg":"twilio: message sent","to":"whatsapp:+254781423339","status":201,"msg":"Usage: HISTORY-EXT <unit>\nExample: HISTORY-EXT 4B"}
{"time":"2026-03-31T00:54:38.619656+03:00","level":"INFO","msg":"bot: inbound message","from":"+254781423339","text":"DEPOSIT-RECEIVE A1 -500","id":""}
{"time":"2026-03-31T00:54:38.620218+03:00","level":"INFO","msg":"request","method":"POST","path":"/bot/whatsapp","status":200,"duration_ms":0,"request_id":"isotope/9Ma3KCOvN2-000061"}
{"time":"2026-03-31T00:54:40.1841844+03:00","level":"INFO","msg":"twilio: message sent","to":"whatsapp:+254781423339","status":201,"msg":"Invalid amount: -500\nUsage: DEPOSIT-RECEIVE <unit> <amount>"}
{"time":"2026-03-31T00:54:44.7416207+03:00","level":"INFO","msg":"bot: inbound message","from":"+254781423339","text":"DEPOSIT-RECEIVE A1 0","id":""}
{"time":"2026-03-31T00:54:44.7416207+03:00","level":"INFO","msg":"request","method":"POST","path":"/bot/whatsapp","status":200,"duration_ms":0,"request_id":"isotope/9Ma3KCOvN2-000062"}
{"time":"2026-03-31T00:54:46.3084552+03:00","level":"INFO","msg":"twilio: message sent","to":"whatsapp:+254781423339","status":201,"msg":"Invalid amount: 0\nUsage: DEPOSIT-RECEIVE <unit> <amount>"}
{"time":"2026-03-31T00:54:51.0409862+03:00","level":"INFO","msg":"bot: inbound message","from":"+254781423339","text":"SET RENT A1 0","id":""}
{"time":"2026-03-31T00:54:51.0409862+03:00","level":"INFO","msg":"request","method":"POST","path":"/bot/whatsapp","status":200,"duration_ms":0,"request_id":"isotope/9Ma3KCOvN2-000063"}
{"time":"2026-03-31T00:54:53.5973426+03:00","level":"INFO","msg":"twilio: message sent","to":"whatsapp:+254781423339","status":201,"msg":"Invalid rent amount: 0"}
{"time":"2026-03-31T00:54:57.9218641+03:00","level":"INFO","msg":"bot: inbound message","from":"+254781423339","text":"MARK A1 PAID 0 CASH","id":""}
{"time":"2026-03-31T00:54:57.9218641+03:00","level":"INFO","msg":"request","method":"POST","path":"/bot/whatsapp","status":200,"duration_ms":0,"request_id":"isotope/9Ma3KCOvN2-000064"}
{"time":"2026-03-31T00:54:59.4655716+03:00","level":"INFO","msg":"twilio: message sent","to":"whatsapp:+254781423339","status":201,"msg":"Invalid amount: 0"}
{"time":"2026-03-31T00:55:04.3666308+03:00","level":"INFO","msg":"bot: inbound message","from":"+254741775492","text":"RECEIPT Dads","id":""}
{"time":"2026-03-31T00:55:04.3666308+03:00","level":"INFO","msg":"request","method":"POST","path":"/bot/whatsapp","status":200,"duration_ms":0,"request_id":"isotope/9Ma3KCOvN2-000065"}
{"time":"2026-03-31T00:55:06.2072096+03:00","level":"INFO","msg":"twilio: message sent","to":"whatsapp:+254741775492","status":201,"msg":"Usage: RECEIPT <landlord name> <unit>\nExample: RECEIPT Wanjiku 4B"}
{"time":"2026-03-31T00:55:10.7046087+03:00","level":"INFO","msg":"bot: inbound message","from":"+254741775492","text":"DEPOSIT STATUS","id":""}
{"time":"2026-03-31T00:55:10.7046087+03:00","level":"INFO","msg":"request","method":"POST","path":"/bot/whatsapp","status":200,"duration_ms":0,"request_id":"isotope/9Ma3KCOvN2-000066"}
{"time":"2026-03-31T00:55:12.301325+03:00","level":"INFO","msg":"twilio: message sent","to":"whatsapp:+254741775492","status":201,"msg":"*Deposit Overview — March 2026*\n\n*Sunrise Apartments - Kitengela*\n  A1 — John Kamau — fully refunded\n  A2 — Mary Wanjiku — No deposit\n  B1 — Peter Otieno — KES 10,000 held\n  C1 — NEW TENANT — No deposit\n\n*Total deposits held: KES 10,000*"}
{"time":"2026-03-31T00:55:16.9288401+03:00","level":"INFO","msg":"bot: inbound message","from":"+254741775492","text":"HISTORY-EXT NOMATCH A1","id":""}
{"time":"2026-03-31T00:55:16.9288401+03:00","level":"INFO","msg":"request","method":"POST","path":"/bot/whatsapp","status":200,"duration_ms":0,"request_id":"isotope/9Ma3KCOvN2-000067"}
{"time":"2026-03-31T00:55:18.7844722+03:00","level":"INFO","msg":"twilio: message sent","to":"whatsapp:+254741775492","status":201,"msg":"No landlord found matching \"NOMATCH\"."}
{"time":"2026-03-31T00:55:23.9904725+03:00","level":"INFO","msg":"mpesa callback: received","trans_id":"T-OVER","amount":"30000.00","ref":"A1","msisdn":"254741775492","source":"mpesa_stk","third_party_id":""}
{"time":"2026-03-31T00:55:23.9909966+03:00","level":"INFO","msg":"request","method":"POST","path":"/mpesa/c2b/callback","status":200,"duration_ms":0,"request_id":"isotope/9Ma3KCOvN2-000068"}
{"time":"2026-03-31T00:55:23.9954743+03:00","level":"INFO","msg":"ledger: payment recorded","payment_id":"178c4705-5813-4369-8742-d2dd1ca3ef40","unit":"A1","amount":30000,"expected":15000,"monthly_total":45000,"status":"overpaid","source":"mpesa_stk"}
{"time":"2026-03-31T00:55:23.9954743+03:00","level":"INFO","msg":"process: payment recorded","trans_id":"T-OVER","ref":"A1","source":"mpesa_stk","payment_id":"178c4705-5813-4369-8742-d2dd1ca3ef40","unit":"A1","amount":30000,"status":"overpaid","source":"mpesa_stk"}
{"time":"2026-03-31T00:55:25.6891474+03:00","level":"INFO","msg":"twilio: message sent","to":"whatsapp:+254781423339","status":201,"msg":"*Sunrise Apartments* ✓\nJohn Kamau (Unit A1) paid KES 30000\nStatus: Overpaid\nTime: 31 Mar 00:55\nReceipt: #178c4705"}
{"time":"2026-03-31T00:55:27.3272963+03:00","level":"INFO","msg":"twilio: message sent","to":"whatsapp:+254741775492","status":201,"msg":"Sunrise Apartments: KES 30000 received for Unit A1 on 31 Mar 00:55. Rent paid in full (overpayment recorded). Receipt: #178c4705."}
{"time":"2026-03-31T00:55:35.066051+03:00","level":"INFO","msg":"bot: inbound message","from":"+254781423339","text":"HISTORY-EXT A1","id":""}
{"time":"2026-03-31T00:55:35.066051+03:00","level":"INFO","msg":"request","method":"POST","path":"/bot/whatsapp","status":200,"duration_ms":0,"request_id":"isotope/9Ma3KCOvN2-000069"}
{"time":"2026-03-31T00:55:36.9444915+03:00","level":"INFO","msg":"twilio: message sent","to":"whatsapp:+254781423339","status":201,"msg":"*12-Month History — Unit A1 (John Kamau)*\n_Sunrise Apartments - Kitengela_\n\n↑ Mar 2026\n  Paid: KES 45,000 / KES 15,000\n  Receipt: #T001\n\n*Deposit*\nExpected: KES 15,000\nPaid:     KES 20,000\nRefunded: KES 20,000\nStatus: fully refunded"}
{"time":"2026-03-31T00:56:20.1226876+03:00","level":"INFO","msg":"bot: inbound message","from":"+254781423339","text":"LIST","id":""}
{"time":"2026-03-31T00:56:20.1226876+03:00","level":"INFO","msg":"request","method":"POST","path":"/bot/whatsapp","status":200,"duration_ms":0,"request_id":"isotope/9Ma3KCOvN2-000070"}
{"time":"2026-03-31T00:56:22.1125863+03:00","level":"INFO","msg":"twilio: message sent","to":"whatsapp:+254781423339","status":201,"msg":"*Suspended*\n\nYour RentLoop subscription has lapsed.\nPay via Paybill *400200* · Account *RENTLOOP-accee42b*\nContact support if this is an error."}
{"time":"2026-03-31T00:56:26.6515129+03:00","level":"INFO","msg":"bot: inbound message","from":"+254781423339","text":"TOTAL","id":""}
{"time":"2026-03-31T00:56:26.6521027+03:00","level":"INFO","msg":"request","method":"POST","path":"/bot/whatsapp","status":200,"duration_ms":0,"request_id":"isotope/9Ma3KCOvN2-000071"}
{"time":"2026-03-31T00:56:28.2546751+03:00","level":"INFO","msg":"twilio: message sent","to":"whatsapp:+254781423339","status":201,"msg":"*Suspended*\n\nYour RentLoop subscription has lapsed.\nPay via Paybill *400200* · Account *RENTLOOP-accee42b*\nContact support if this is an error."}
{"time":"2026-03-31T00:56:48.1546096+03:00","level":"INFO","msg":"bot: inbound message","from":"+254781423339","text":"LIST","id":""}
{"time":"2026-03-31T00:56:48.1546096+03:00","level":"INFO","msg":"request","method":"POST","path":"/bot/whatsapp","status":200,"duration_ms":0,"request_id":"isotope/9Ma3KCOvN2-000072"}
{"time":"2026-03-31T00:56:49.7302575+03:00","level":"INFO","msg":"twilio: message sent","to":"whatsapp:+254781423339","status":201,"msg":"*Sunrise Apartments - Kitengela — March 2026*\nPaid: 4/4 units · KES 81,500\n\n✓ Unit A1 — John Kamau\n✓ Unit A2 — Mary Wanjiku\n✓ Unit B1 — Peter Otieno\n✓ Unit C1 — NEW TENANT\n"}
{"time":"2026-03-31T12:09:00.7720564+03:00","level":"INFO","msg":"shutdown","signal":2}
{"time":"2026-03-31T12:09:00.8181298+03:00","level":"INFO","msg":"server stopped cleanly"}
make: *** [run] Error 512
